---
source: src/gpu_handle/power_profile_mode.rs
expression: table
---
modes:
  0:
    name: BOOTUP_DEFAULT
    components:
      - clock_type: GFXCLK
        values:
          - 0
          - 1
          - 0
          - 4
          - 800
          - 4587520
          - -65536
          - 0
      - clock_type: FCLK
        values:
          - 0
          - 3
          - 0
          - 1
          - 0
          - 3276800
          - -65536
          - -6553
  1:
    name: 3D_FULL_SCREEN
    components:
      - clock_type: GFXCLK
        values:
          - 0
          - 0
          - 1200
          - 4
          - 650
          - 3932160
          - -3276
          - -65536
      - clock_type: FCLK
        values:
          - 0
          - 3
          - 0
          - 3
          - 0
          - 1310720
          - -6553
          - -6553
  2:
    name: POWER_SAVING
    components:
      - clock_type: GFXCLK
        values:
          - 0
          - 1
          - 0
          - 3
          - 0
          - 5898240
          - -65536
          - 0
      - clock_type: FCLK
        values:
          - 0
          - 1
          - 0
          - 1
          - 0
          - 3407872
          - -65536
          - -6553
  3:
    name: VIDEO
    components:
      - clock_type: GFXCLK
        values:
          - 0
          - 1
          - 0
          - 4
          - 500
          - 4587520
          - -65536
          - 0
      - clock_type: FCLK
        values:
          - 0
          - 3
          - 0
          - 3
          - 0
          - 3473408
          - -65536
          - -6553
  4:
    name: VR
    components:
      - clock_type: GFXCLK
        values:
          - 0
          - 2
          - 1000
          - 1
          - 0
          - 3276800
          - 0
          - 0
      - clock_type: FCLK
        values:
          - 0
          - 3
          - 0
          - 3
          - 0
          - 1310720
          - -6553
          - -6553
  5:
    name: COMPUTE
    components:
      - clock_type: GFXCLK
        values:
          - 0
          - 2
          - 1000
          - 1
          - 0
          - 3932160
          - 0
          - 0
      - clock_type: FCLK
        values:
          - 0
          - 3
          - 0
          - 3
          - 0
          - 1310720
          - -6553
          - -6553
  6:
    name: CUSTOM
    components:
      - clock_type: GFXCLK
        values:
          - 0
          - 0
          - 1200
          - 4
          - 0
          - 655360
          - -3276
          - -65536
      - clock_type: FCLK
        values:
          - 0
          - 3
          - 0
          - 3
          - 0
          - 1310720
          - -6553
          - -6553
  7:
    name: WINDOW_3D
    components:
      - clock_type: GFXCLK
        values:
          - 0
          - 0
          - 1200
          - 4
          - 650
          - 3932160
          - -3276
          - -65536
      - clock_type: FCLK
        values:
          - 0
          - 3
          - 0
          - 3
          - 0
          - 1310720
          - -6553
          - -6553
value_names:
  - FPS
  - MinActiveFreqType
  - MinActiveFreq
  - BoosterFreqType
  - BoosterFreq
  - PD_Data_limit_c
  - PD_Data_error_coeff
  - PD_Data_error_rate_coeff
active: 0
