---
source: src/gpu_handle/power_profile_mode.rs
expression: table
---
modes:
  0:
    name: BOOTUP_DEFAULT
    values:
      - clock_type: ~
        values:
          - 70
          - 60
          - 0
          - 0
  1:
    name: 3D_FULL_SCREEN
    values:
      - clock_type: ~
        values:
          - 70
          - 60
          - 1
          - 3
  2:
    name: POWER_SAVING
    values:
      - clock_type: ~
        values:
          - 90
          - 60
          - 0
          - 0
  3:
    name: VIDEO
    values:
      - clock_type: ~
        values:
          - 70
          - 60
          - 0
          - 0
  4:
    name: VR
    values:
      - clock_type: ~
        values:
          - 70
          - 90
          - 0
          - 0
  5:
    name: COMPUTE
    values:
      - clock_type: ~
        values:
          - 30
          - 60
          - 0
          - 6
  6:
    name: CUSTOM
    values:
      - clock_type: ~
        values:
          - 0
          - 0
          - 0
          - 0
value_names:
  - BUSY_SET_POINT
  - FPS
  - USE_RLC_BUSY
  - MIN_ACTIVE_LEVEL
active: 0
