---
source: src/gpu_handle/overdrive/rdna.rs
expression: table
---
current_sclk_range:
  min: ~
  max: ~
sclk_offset: 0
current_mclk_range:
  min: 97
  max: 1259
vddc_curve: []
voltage_offset: 0
od_range:
  sclk: ~
  sclk_offset:
    min: -500
    max: 1000
  mclk:
    min: 97
    max: 1500
  curve_sclk_points: []
  curve_voltage_points: []
  voltage_offset:
    min: -200
    max: 0
