---
source: src/gpu_handle/overdrive/vega20.rs
expression: table
---
current_sclk_range:
  min: 1600
  max: 1600
current_mclk_range:
  min: ~
  max: ~
vddc_curve: []
voltage_offset: ~
od_range:
  sclk:
    min: 200
    max: 1600
  mclk: ~
  curve_sclk_points: []
  curve_voltage_points: []
  voltage_offset: ~
