---
source: src/gpu_handle/overdrive/vega20.rs
expression: table
---
current_sclk_range:
  min: 500
  max: 2499
current_mclk_range:
  min: 97
  max: 1000
vddc_curve: []
pure_vddc: ~
voltage_offset: -10
od_range:
  sclk:
    min: 500
    max: 3000
  mclk:
    min: 674
    max: 1075
  vddc: ~
  curve_sclk_points: []
  curve_voltage_points: []
  voltage_offset: ~
